[0.032s] Invoking command in '/home/mohamed/ros2_ws/build/my_robot_description': DEBUGINFOD_URLS=https://debuginfod.ubuntu.com /usr/bin/cmake --build /home/mohamed/ros2_ws/build/my_robot_description -- -j16 -l16
[0.096s] -- Found ament_cmake: 2.5.4 (/opt/ros/jazzy/share/ament_cmake/cmake)
[0.910s] Error parsing '/home/mohamed/ros2_ws/src/my_robot_description/package.xml':
[5.635s] Traceback (most recent call last):
[5.636s]   File "/usr/lib/python3/dist-packages/catkin_pkg/package.py", line 610, in parse_package_string
[5.636s]     root = dom.parseString(data)
[5.636s]            ^^^^^^^^^^^^^^^^^^^^^
[5.637s]   File "/usr/lib/python3.12/xml/dom/minidom.py", line 2000, in parseString
[5.638s]     return expatbuilder.parseString(string)
[5.638s]            ^^^^^^^^^^^^^^^^^^^^^^^^^^^^^^^^
[5.638s]   File "/usr/lib/python3.12/xml/dom/expatbuilder.py", line 922, in parseString
[5.639s]     return builder.parseString(string)
[5.639s]            ^^^^^^^^^^^^^^^^^^^^^^^^^^^
[5.639s]   File "/usr/lib/python3.12/xml/dom/expatbuilder.py", line 220, in parseString
[5.639s]     parser.Parse(string, True)
[5.640s] xml.parsers.expat.ExpatError: not well-formed (invalid token): line 15, column 53
[5.640s] 
[5.640s] During handling of the above exception, another exception occurred:
[5.641s] 
[5.641s] Traceback (most recent call last):
[5.641s]   File "/opt/ros/jazzy/share/ament_cmake_core/cmake/core/package_xml_2_cmake.py", line 150, in <module>
[5.642s]     main()
[5.642s]   File "/opt/ros/jazzy/share/ament_cmake_core/cmake/core/package_xml_2_cmake.py", line 53, in main
[5.642s]     raise e
[5.643s]   File "/opt/ros/jazzy/share/ament_cmake_core/cmake/core/package_xml_2_cmake.py", line 49, in main
[5.643s]     package = parse_package_string(
[5.643s]               ^^^^^^^^^^^^^^^^^^^^^
[5.643s]   File "/usr/lib/python3/dist-packages/catkin_pkg/package.py", line 612, in parse_package_string
[5.643s]     raise InvalidPackage('The manifest contains invalid XML:\n%s' % ex, filename)
[5.644s] catkin_pkg.package.InvalidPackage: Error(s) in package '/home/mohamed/ros2_ws/src/my_robot_description/package.xml':
[5.644s] The manifest contains invalid XML:
[5.644s] not well-formed (invalid token): line 15, column 53
[5.745s] [31mCMake Error at /opt/ros/jazzy/share/ament_cmake_core/cmake/core/ament_package_xml.cmake:95 (message):
[5.745s]   execute_process(/usr/bin/python3
[5.746s]   /opt/ros/jazzy/share/ament_cmake_core/cmake/core/package_xml_2_cmake.py
[5.746s]   /home/mohamed/ros2_ws/src/my_robot_description/package.xml
[5.746s]   /home/mohamed/ros2_ws/build/my_robot_description/ament_cmake_core/package.cmake)
[5.747s]   returned error code 1
[5.747s] Call Stack (most recent call first):
[5.747s]   /opt/ros/jazzy/share/ament_cmake_core/cmake/core/ament_package_xml.cmake:49 (_ament_package_xml)
[5.748s]   /opt/ros/jazzy/share/ament_cmake_core/cmake/core/ament_package.cmake:63 (ament_package_xml)
[5.748s]   CMakeLists.txt:16 (ament_package)
[5.748s] 
[5.748s] [0m
[5.749s] -- Configuring incomplete, errors occurred!
[5.754s] gmake: *** [Makefile:226: cmake_check_build_system] Error 1
[5.760s] Invoked command in '/home/mohamed/ros2_ws/build/my_robot_description' returned '2': DEBUGINFOD_URLS=https://debuginfod.ubuntu.com /usr/bin/cmake --build /home/mohamed/ros2_ws/build/my_robot_description -- -j16 -l16
