[0.029s] Invoking command in '/home/mohamed/ros2_ws/build/my_robot_description': DEBUGINFOD_URLS=https://debuginfod.ubuntu.com /usr/bin/cmake --build /home/mohamed/ros2_ws/build/my_robot_description -- -j16 -l16
[0.093s] -- Found ament_cmake: 2.5.4 (/opt/ros/jazzy/share/ament_cmake/cmake)
[0.898s] Error parsing '/home/mohamed/ros2_ws/src/my_robot_description/package.xml':
[5.890s] Traceback (most recent call last):
[5.891s]   File "/usr/lib/python3/dist-packages/catkin_pkg/package.py", line 610, in parse_package_string
[5.891s]     root = dom.parseString(data)
[5.891s]            ^^^^^^^^^^^^^^^^^^^^^
[5.892s]   File "/usr/lib/python3.12/xml/dom/minidom.py", line 2000, in parseString
[5.892s]     return expatbuilder.parseString(string)
[5.893s]            ^^^^^^^^^^^^^^^^^^^^^^^^^^^^^^^^
[5.893s]   File "/usr/lib/python3.12/xml/dom/expatbuilder.py", line 922, in parseString
[5.893s]     return builder.parseString(string)
[5.894s]            ^^^^^^^^^^^^^^^^^^^^^^^^^^^
[5.894s]   File "/usr/lib/python3.12/xml/dom/expatbuilder.py", line 220, in parseString
[5.894s]     parser.Parse(string, True)
[5.895s] xml.parsers.expat.ExpatError: mismatched tag: line 21, column 2
[5.895s] 
[5.895s] During handling of the above exception, another exception occurred:
[5.896s] 
[5.896s] Traceback (most recent call last):
[5.896s]   File "/opt/ros/jazzy/share/ament_cmake_core/cmake/core/package_xml_2_cmake.py", line 150, in <module>
[5.897s]     main()
[5.897s]   File "/opt/ros/jazzy/share/ament_cmake_core/cmake/core/package_xml_2_cmake.py", line 53, in main
[5.897s]     raise e
[5.898s]   File "/opt/ros/jazzy/share/ament_cmake_core/cmake/core/package_xml_2_cmake.py", line 49, in main
[5.898s]     package = parse_package_string(
[5.898s]               ^^^^^^^^^^^^^^^^^^^^^
[5.899s]   File "/usr/lib/python3/dist-packages/catkin_pkg/package.py", line 612, in parse_package_string
[5.899s]     raise InvalidPackage('The manifest contains invalid XML:\n%s' % ex, filename)
[5.899s] catkin_pkg.package.InvalidPackage: Error(s) in package '/home/mohamed/ros2_ws/src/my_robot_description/package.xml':
[5.900s] The manifest contains invalid XML:
[5.900s] mismatched tag: line 21, column 2
[5.999s] [31mCMake Error at /opt/ros/jazzy/share/ament_cmake_core/cmake/core/ament_package_xml.cmake:95 (message):
[6.000s]   execute_process(/usr/bin/python3
[6.000s]   /opt/ros/jazzy/share/ament_cmake_core/cmake/core/package_xml_2_cmake.py
[6.000s]   /home/mohamed/ros2_ws/src/my_robot_description/package.xml
[6.001s]   /home/mohamed/ros2_ws/build/my_robot_description/ament_cmake_core/package.cmake)
[6.001s]   returned error code 1
[6.001s] Call Stack (most recent call first):
[6.001s]   /opt/ros/jazzy/share/ament_cmake_core/cmake/core/ament_package_xml.cmake:49 (_ament_package_xml)
[6.002s]   /opt/ros/jazzy/share/ament_cmake_core/cmake/core/ament_package.cmake:63 (ament_package_xml)
[6.002s]   CMakeLists.txt:16 (ament_package)
[6.002s] 
[6.002s] [0m
[6.003s] -- Configuring incomplete, errors occurred!
[6.007s] gmake: *** [Makefile:226: cmake_check_build_system] Error 1
[6.012s] Invoked command in '/home/mohamed/ros2_ws/build/my_robot_description' returned '2': DEBUGINFOD_URLS=https://debuginfod.ubuntu.com /usr/bin/cmake --build /home/mohamed/ros2_ws/build/my_robot_description -- -j16 -l16
